                              1 ;--------------------------------------------------------
                              2 ; File Created by SDCC : FreeWare ANSI-C Compiler
                              3 ; Version 2.3.1 Wed Nov 13 00:09:09 2019
                              4 
                              5 ;--------------------------------------------------------
                              6 	.module lcc67910
                              7 	
                              8 ;--------------------------------------------------------
                              9 ; Public variables in this module
                             10 ;--------------------------------------------------------
                             11 	.globl _main
                             12 	.globl _sprites
                             13 	.globl _map
                             14 ;--------------------------------------------------------
                             15 ; special function registers
                             16 ;--------------------------------------------------------
                             17 ;--------------------------------------------------------
                             18 ; special function bits 
                             19 ;--------------------------------------------------------
                             20 ;--------------------------------------------------------
                             21 ; internal ram data
                             22 ;--------------------------------------------------------
                             23 	.area _DATA
   0000                      24 _map::
   0000                      25 	.ds 1600
   0640                      26 _sprites::
   0640                      27 	.ds 112
                             28 ;--------------------------------------------------------
                             29 ; overlayable items in internal ram 
                             30 ;--------------------------------------------------------
                             31 	.area _OVERLAY
                             32 ;--------------------------------------------------------
                             33 ; indirectly addressable internal ram data
                             34 ;--------------------------------------------------------
                             35 	.area _ISEG
                             36 ;--------------------------------------------------------
                             37 ; bit data
                             38 ;--------------------------------------------------------
                             39 	.area _BSEG
                             40 ;--------------------------------------------------------
                             41 ; external ram data
                             42 ;--------------------------------------------------------
                             43 	.area _XSEG
                             44 ;--------------------------------------------------------
                             45 ; global & static initialisations
                             46 ;--------------------------------------------------------
                             47 	.area _GSINIT
                             48 	.area _GSFINAL
                             49 	.area _GSINIT
                             50 ;	main.c 5
                             51 ;	main.c 17
                             52 ;	genArrayInit
                             53 ; _saveRegsForCall: sendSetSize: 0 deInUse: 0 bcInUse: 0 deSending: 0
   0000 21 00 00             54 	ld	hl,#_map
   0003 CD 00 00             55 	call	__initrleblock
   0006 03                   56 	.db	3
   0007 00 00 00             57 	.db	0x00, 0x00, 0x00
   000A DB 01                58 	.db	-37,0x01
   000C 06                   59 	.db	6
   000D 00 01 00 01 01 01    60 	.db	0x00, 0x01, 0x00, 0x01, 0x01, 0x01
   0013 FB 00                61 	.db	-5,0x00
   0015 04                   62 	.db	4
   0016 01 01 01 01          63 	.db	0x01, 0x01, 0x01, 0x01
   001A EF 00                64 	.db	-17,0x00
   001C 0E                   65 	.db	14
   001D 01 01 02 00 00 00    66 	.db	0x01, 0x01, 0x02, 0x00, 0x00, 0x00, 0x01, 0x01
        01 01
   0025 00 00 01 01 01 01    67 	.db	0x00, 0x00, 0x01, 0x01, 0x01, 0x01
   002B FB 00                68 	.db	-5,0x00
   002D 04                   69 	.db	4
   002E 01 01 01 01          70 	.db	0x01, 0x01, 0x01, 0x01
   0032 EF 00                71 	.db	-17,0x00
   0034 06                   72 	.db	6
   0035 01 01 02 00 00 00    73 	.db	0x01, 0x01, 0x02, 0x00, 0x00, 0x00
   003B F8 01                74 	.db	-8,0x01
   003D FB 00                75 	.db	-5,0x00
   003F 04                   76 	.db	4
   0040 01 01 01 01          77 	.db	0x01, 0x01, 0x01, 0x01
   0044 FB 00                78 	.db	-5,0x00
   0046 F9 01                79 	.db	-7,0x01
   0048 0B                   80 	.db	11
   0049 02 00 00 00 00 01    81 	.db	0x02, 0x00, 0x00, 0x00, 0x00, 0x01, 0x01, 0x02
        01 02
   0051 00 00 00             82 	.db	0x00, 0x00, 0x00
   0054 F8 01                83 	.db	-8,0x01
   0056 FB 00                84 	.db	-5,0x00
   0058 04                   85 	.db	4
   0059 01 01 01 01          86 	.db	0x01, 0x01, 0x01, 0x01
   005D F6 00                87 	.db	-10,0x00
   005F 0D                   88 	.db	13
   0060 01 01 02 00 00 00    89 	.db	0x01, 0x01, 0x02, 0x00, 0x00, 0x00, 0x00, 0x01
        00 01
   0068 01 02 00 00 00       90 	.db	0x01, 0x02, 0x00, 0x00, 0x00
   006D F8 01                91 	.db	-8,0x01
   006F FB 00                92 	.db	-5,0x00
   0071 04                   93 	.db	4
   0072 01 01 01 01          94 	.db	0x01, 0x01, 0x01, 0x01
   0076 F6 00                95 	.db	-10,0x00
   0078 03                   96 	.db	3
   0079 01 01 02             97 	.db	0x01, 0x01, 0x02
   007C F6 00                98 	.db	-10,0x00
   007E F8 01                99 	.db	-8,0x01
   0080 FB 00               100 	.db	-5,0x00
   0082 04                  101 	.db	4
   0083 01 01 01 01         102 	.db	0x01, 0x01, 0x01, 0x01
   0087 F6 00               103 	.db	-10,0x00
   0089 03                  104 	.db	3
   008A 01 01 02            105 	.db	0x01, 0x01, 0x02
   008D F6 00               106 	.db	-10,0x00
   008F F8 01               107 	.db	-8,0x01
   0091 FB 00               108 	.db	-5,0x00
   0093 04                  109 	.db	4
   0094 01 01 01 01         110 	.db	0x01, 0x01, 0x01, 0x01
   0098 F6 00               111 	.db	-10,0x00
   009A F6 01               112 	.db	-10,0x01
   009C 07                  113 	.db	7
   009D 02 00 00 01 01 01   114 	.db	0x02, 0x00, 0x00, 0x01, 0x01, 0x01, 0x01
        01
   00A4 F0 00               115 	.db	-16,0x00
   00A6 1B                  116 	.db	27
   00A7 01 01 01 00 00 00   117 	.db	0x01, 0x01, 0x01, 0x00, 0x00, 0x00, 0x00, 0x01
        00 01
   00AF 01 02 00 00 00 01   118 	.db	0x01, 0x02, 0x00, 0x00, 0x00, 0x01, 0x02, 0x00
        02 00
   00B7 00 02 00 00 01 01   119 	.db	0x00, 0x02, 0x00, 0x00, 0x01, 0x01, 0x01, 0x01
        01 01
   00BF 00 06 06            120 	.db	0x00, 0x06, 0x06
   00C2 F3 00               121 	.db	-13,0x00
   00C4 1B                  122 	.db	27
   00C5 01 01 01 00 00 00   123 	.db	0x01, 0x01, 0x01, 0x00, 0x00, 0x00, 0x00, 0x01
        00 01
   00CD 01 02 00 00 00 01   124 	.db	0x01, 0x02, 0x00, 0x00, 0x00, 0x01, 0x02, 0x00
        02 00
   00D5 00 02 00 00 01 01   125 	.db	0x00, 0x02, 0x00, 0x00, 0x01, 0x01, 0x01, 0x01
        01 01
   00DD 00 06 06            126 	.db	0x00, 0x06, 0x06
   00E0 F3 00               127 	.db	-13,0x00
   00E2 1B                  128 	.db	27
   00E3 01 01 01 00 00 00   129 	.db	0x01, 0x01, 0x01, 0x00, 0x00, 0x00, 0x00, 0x01
        00 01
   00EB 01 01 01 02 00 01   130 	.db	0x01, 0x01, 0x01, 0x02, 0x00, 0x01, 0x02, 0x00
        02 00
   00F3 00 02 00 00 01 01   131 	.db	0x00, 0x02, 0x00, 0x00, 0x01, 0x01, 0x01, 0x01
        01 01
   00FB 00 06 06            132 	.db	0x00, 0x06, 0x06
   00FE F3 00               133 	.db	-13,0x00
   0100 0F                  134 	.db	15
   0101 01 01 01 00 00 00   135 	.db	0x01, 0x01, 0x01, 0x00, 0x00, 0x00, 0x00, 0x01
        00 01
   0109 01 01 01 02 00 01   136 	.db	0x01, 0x01, 0x01, 0x02, 0x00, 0x01, 0x02
        02
   0110 FB 00               137 	.db	-5,0x00
   0112 04                  138 	.db	4
   0113 01 01 01 01         139 	.db	0x01, 0x01, 0x01, 0x01
   0117 F0 00               140 	.db	-16,0x00
   0119 0C                  141 	.db	12
   011A 01 01 01 00 00 00   142 	.db	0x01, 0x01, 0x01, 0x00, 0x00, 0x00, 0x00, 0x01
        00 01
   0122 01 01 01 02         143 	.db	0x01, 0x01, 0x01, 0x02
   0126 F8 00               144 	.db	-8,0x00
   0128 E9 01               145 	.db	-23,0x01
   012A 11                  146 	.db	17
   012B 00 00 00 00 01 01   147 	.db	0x00, 0x00, 0x00, 0x00, 0x01, 0x01, 0x01, 0x00
        01 00
   0133 00 00 01 02 00 00   148 	.db	0x00, 0x00, 0x01, 0x02, 0x00, 0x00, 0x01, 0x00
        01 00
   013B 00                  149 	.db	0x00
   013C E9 01               150 	.db	-23,0x01
   013E 15                  151 	.db	21
   013F 00 00 00 00 01 01   152 	.db	0x00, 0x00, 0x00, 0x00, 0x01, 0x01, 0x01, 0x00
        01 00
   0147 00 00 01 02 00 00   153 	.db	0x00, 0x00, 0x01, 0x02, 0x00, 0x00, 0x01, 0x00
        01 00
   014F 00 01 01 01 01      154 	.db	0x00, 0x01, 0x01, 0x01, 0x01
   0154 E9 00               155 	.db	-23,0x00
   0156 F9 01               156 	.db	-7,0x01
   0158 03                  157 	.db	3
   0159 02 00 00            158 	.db	0x02, 0x00, 0x00
   015C F9 01               159 	.db	-7,0x01
   015E E9 00               160 	.db	-23,0x00
   0160 F9 01               161 	.db	-7,0x01
   0162 03                  162 	.db	3
   0163 02 00 00            163 	.db	0x02, 0x00, 0x00
   0166 F9 01               164 	.db	-7,0x01
   0168 E9 00               165 	.db	-23,0x00
   016A F9 01               166 	.db	-7,0x01
   016C 05                  167 	.db	5
   016D 02 00 00 00 00      168 	.db	0x02, 0x00, 0x00, 0x00, 0x00
   0172 FB 01               169 	.db	-5,0x01
   0174 E9 00               170 	.db	-23,0x00
   0176 F9 01               171 	.db	-7,0x01
   0178 05                  172 	.db	5
   0179 02 00 00 00 00      173 	.db	0x02, 0x00, 0x00, 0x00, 0x00
   017E FB 01               174 	.db	-5,0x01
   0180 E9 00               175 	.db	-23,0x00
   0182 05                  176 	.db	5
   0183 01 01 02 05 05      177 	.db	0x01, 0x01, 0x02, 0x05, 0x05
   0188 F4 01               178 	.db	-12,0x01
   018A E9 00               179 	.db	-23,0x00
   018C 05                  180 	.db	5
   018D 01 01 02 05 05      181 	.db	0x01, 0x01, 0x02, 0x05, 0x05
   0192 F4 01               182 	.db	-12,0x01
   0194 E9 00               183 	.db	-23,0x00
   0196 03                  184 	.db	3
   0197 01 01 02            185 	.db	0x01, 0x01, 0x02
   019A F9 05               186 	.db	-7,0x05
   019C 03                  187 	.db	3
   019D 00 00 00            188 	.db	0x00, 0x00, 0x00
   01A0 EB 01               189 	.db	-21,0x01
   01A2 01                  190 	.db	1
   01A3 02                  191 	.db	0x02
   01A4 FB 00               192 	.db	-5,0x00
   01A6 03                  193 	.db	3
   01A7 01 01 02            194 	.db	0x01, 0x01, 0x02
   01AA F8 05               195 	.db	-8,0x05
   01AC 02                  196 	.db	2
   01AD 00 00               197 	.db	0x00, 0x00
   01AF EB 01               198 	.db	-21,0x01
   01B1 01                  199 	.db	1
   01B2 02                  200 	.db	0x02
   01B3 FB 00               201 	.db	-5,0x00
   01B5 06                  202 	.db	6
   01B6 01 01 02 05 05 05   203 	.db	0x01, 0x01, 0x02, 0x05, 0x05, 0x05
   01BC F9 00               204 	.db	-7,0x00
   01BE 05                  205 	.db	5
   01BF 01 01 01 01 03      206 	.db	0x01, 0x01, 0x01, 0x01, 0x03
   01C4 F5 00               207 	.db	-11,0x00
   01C6 02                  208 	.db	2
   01C7 01 01               209 	.db	0x01, 0x01
   01C9 F7 00               210 	.db	-9,0x00
   01CB 06                  211 	.db	6
   01CC 01 01 02 05 05 05   212 	.db	0x01, 0x01, 0x02, 0x05, 0x05, 0x05
   01D2 F9 00               213 	.db	-7,0x00
   01D4 06                  214 	.db	6
   01D5 01 01 01 01 04 04   215 	.db	0x01, 0x01, 0x01, 0x01, 0x04, 0x04
   01DB F6 00               216 	.db	-10,0x00
   01DD 02                  217 	.db	2
   01DE 01 01               218 	.db	0x01, 0x01
   01E0 F7 00               219 	.db	-9,0x00
   01E2 05                  220 	.db	5
   01E3 01 01 02 05 05      221 	.db	0x01, 0x01, 0x02, 0x05, 0x05
   01E8 F8 00               222 	.db	-8,0x00
   01EA 07                  223 	.db	7
   01EB 01 01 01 01 04 03   224 	.db	0x01, 0x01, 0x01, 0x01, 0x04, 0x03, 0x03
        03
   01F2 EC 00               225 	.db	-20,0x00
   01F4 03                  226 	.db	3
   01F5 01 01 02            227 	.db	0x01, 0x01, 0x02
   01F8 F6 00               228 	.db	-10,0x00
   01FA 07                  229 	.db	7
   01FB 01 01 01 01 03 03   230 	.db	0x01, 0x01, 0x01, 0x01, 0x03, 0x03, 0x03
        03
   0202 EC 00               231 	.db	-20,0x00
   0204 03                  232 	.db	3
   0205 01 01 02            233 	.db	0x01, 0x01, 0x02
   0208 F6 00               234 	.db	-10,0x00
   020A 09                  235 	.db	9
   020B 01 01 01 01 03 03   236 	.db	0x01, 0x01, 0x01, 0x01, 0x03, 0x03, 0x04, 0x03
        04 03
   0213 04                  237 	.db	0x04
   0214 F9 00               238 	.db	-7,0x00
   0216 02                  239 	.db	2
   0217 01 01               240 	.db	0x01, 0x01
   0219 F7 00               241 	.db	-9,0x00
   021B 03                  242 	.db	3
   021C 01 01 02            243 	.db	0x01, 0x01, 0x02
   021F F6 00               244 	.db	-10,0x00
   0221 04                  245 	.db	4
   0222 01 01 01 01         246 	.db	0x01, 0x01, 0x01, 0x01
   0226 FB 03               247 	.db	-5,0x03
   0228 F9 00               248 	.db	-7,0x00
   022A 02                  249 	.db	2
   022B 01 01               250 	.db	0x01, 0x01
   022D F7 00               251 	.db	-9,0x00
   022F 03                  252 	.db	3
   0230 01 01 02            253 	.db	0x01, 0x01, 0x02
   0233 F6 00               254 	.db	-10,0x00
   0235 09                  255 	.db	9
   0236 01 01 01 01 03 04   256 	.db	0x01, 0x01, 0x01, 0x01, 0x03, 0x04, 0x04, 0x03
        04 03
   023E 04                  257 	.db	0x04
   023F F9 00               258 	.db	-7,0x00
   0241 02                  259 	.db	2
   0242 01 01               260 	.db	0x01, 0x01
   0244 F7 00               261 	.db	-9,0x00
   0246 03                  262 	.db	3
   0247 01 01 02            263 	.db	0x01, 0x01, 0x02
   024A F6 00               264 	.db	-10,0x00
   024C 08                  265 	.db	8
   024D 01 01 01 01 03 03   266 	.db	0x01, 0x01, 0x01, 0x01, 0x03, 0x03, 0x03, 0x03
        03 03
   0255 F8 00               267 	.db	-8,0x00
   0257 FA 01               268 	.db	-6,0x01
   0259 03                  269 	.db	3
   025A 02 00 00            270 	.db	0x02, 0x00, 0x00
   025D F6 01               271 	.db	-10,0x01
   025F 02                  272 	.db	2
   0260 00 00               273 	.db	0x00, 0x00
   0262 F9 01               274 	.db	-7,0x01
   0264 04                  275 	.db	4
   0265 03 03 04 03         276 	.db	0x03, 0x03, 0x04, 0x03
   0269 F8 00               277 	.db	-8,0x00
   026B FA 01               278 	.db	-6,0x01
   026D 03                  279 	.db	3
   026E 02 00 00            280 	.db	0x02, 0x00, 0x00
   0271 F6 01               281 	.db	-10,0x01
   0273 02                  282 	.db	2
   0274 00 00               283 	.db	0x00, 0x00
   0276 F9 01               284 	.db	-7,0x01
   0278 04                  285 	.db	4
   0279 03 04 04 03         286 	.db	0x03, 0x04, 0x04, 0x03
   027D F8 00               287 	.db	-8,0x00
   027F 02                  288 	.db	2
   0280 01 01               289 	.db	0x01, 0x01
   0282 EA 00               290 	.db	-22,0x00
   0284 0A                  291 	.db	10
   0285 01 01 01 01 03 03   292 	.db	0x01, 0x01, 0x01, 0x01, 0x03, 0x03, 0x04, 0x03
        04 03
   028D 00 04               293 	.db	0x00, 0x04
   028F FA 00               294 	.db	-6,0x00
   0291 02                  295 	.db	2
   0292 01 01               296 	.db	0x01, 0x01
   0294 EA 00               297 	.db	-22,0x00
   0296 09                  298 	.db	9
   0297 01 01 01 01 03 04   299 	.db	0x01, 0x01, 0x01, 0x01, 0x03, 0x04, 0x04, 0x03
        04 03
   029F 03                  300 	.db	0x03
   02A0 F9 00               301 	.db	-7,0x00
   02A2 02                  302 	.db	2
   02A3 01 01               303 	.db	0x01, 0x01
   02A5 EA 00               304 	.db	-22,0x00
   02A7 07                  305 	.db	7
   02A8 01 01 01 01 04 04   306 	.db	0x01, 0x01, 0x01, 0x01, 0x04, 0x04, 0x03
        03
   02AF FB 04               307 	.db	-5,0x04
   02B1 06                  308 	.db	6
   02B2 00 00 00 00 01 01   309 	.db	0x00, 0x00, 0x00, 0x00, 0x01, 0x01
   02B8 EA 00               310 	.db	-22,0x00
   02BA 86 01               311 	.db	-122,0x01
   02BC 00                  312 	.db	0
                            313 ;	main.c 1
                            314 ;	main.c 17
                            315 ;	genArrayInit
                            316 ; _saveRegsForCall: sendSetSize: 0 deInUse: 0 bcInUse: 0 deSending: 0
   02BD 21 40 06            317 	ld	hl,#_sprites
   02C0 CD 00 00            318 	call	__initrleblock
   02C3 F0 00               319 	.db	-16,0x00
   02C5 2B                  320 	.db	43
   02C6 FF FF C3 C3 A5 A5   321 	.db	0xFF, 0xFF, 0xC3, 0xC3, 0xA5, 0xA5, 0x99, 0x99
        99 99
   02CE 99 99 A5 A5 C3 C3   322 	.db	0x99, 0x99, 0xA5, 0xA5, 0xC3, 0xC3, 0xFF, 0xFF
        FF FF
   02D6 03 83 03 83 AB AB   323 	.db	0x03, 0x83, 0x03, 0x83, 0xAB, 0xAB, 0xFF, 0xFF
        FF FF
   02DE E0 03 E0 03 EA AB   324 	.db	0xE0, 0x03, 0xE0, 0x03, 0xEA, 0xAB, 0xFF, 0xFF
        FF FF
   02E6 00 10 00 20 10 20   325 	.db	0x00, 0x10, 0x00, 0x20, 0x10, 0x20, 0x20, 0x00
        20 00
   02EE 08 80 08            326 	.db	0x08, 0x80, 0x08
   02F1 FA 00               327 	.db	-6,0x00
   02F3 0A                  328 	.db	10
   02F4 04 00 10 04 10 08   329 	.db	0x04, 0x00, 0x10, 0x04, 0x10, 0x08, 0x00, 0x08
        00 08
   02FC 40 08               330 	.db	0x40, 0x08
   02FE F9 00               331 	.db	-7,0x00
   0300 1E                  332 	.db	30
   0301 04 00 00 00 00 41   333 	.db	0x04, 0x00, 0x00, 0x00, 0x00, 0x41, 0x00, 0x00
        00 00
   0309 00 00 10 00 00 00   334 	.db	0x00, 0x00, 0x10, 0x00, 0x00, 0x00, 0xFF, 0xFF
        FF FF
   0311 F0 0F 0C 05 09 09   335 	.db	0xF0, 0x0F, 0x0C, 0x05, 0x09, 0x09, 0x09, 0x09
        09 09
   0319 0C 05 F0 0F FF FF   336 	.db	0x0C, 0x05, 0xF0, 0x0F, 0xFF, 0xFF
   031F 00                  337 	.db	0
                            338 ;--------------------------------------------------------
                            339 ; Home
                            340 ;--------------------------------------------------------
                            341 	.area _HOME
                            342 	.area _CODE
                            343 ;--------------------------------------------------------
                            344 ; code
                            345 ;--------------------------------------------------------
                            346 	.area _CODE
                            347 ;	main.c 5
                            348 ;	genLabel
                            349 ;	genFunction
                            350 ;	---------------------------------
                            351 ; Function main
                            352 ; ---------------------------------
   0000                     353 ___main_start:
   0000                     354 _main:
   0000 E8 FD               355 	lda	sp,-3(sp)
                            356 ;	main.c 6
                            357 ;	genIpush
                            358 ; _saveRegsForCall: sendSetSize: 0 deInUse: 0 bcInUse: 0 deSending: 0
   0002 21 40 06            359 	ld	hl,#_sprites
   0005 E5                  360 	push	hl
                            361 ;	genIpush
   0006 21 00 02            362 	ld	hl,#0x0200
   0009 E5                  363 	push	hl
                            364 ;	genCall
   000A CD 00 00            365 	call	_set_bkg_data
   000D E8 04               366 	lda	sp,4(sp)
                            367 ;	main.c 7
                            368 ;	genIpush
                            369 ; _saveRegsForCall: sendSetSize: 0 deInUse: 0 bcInUse: 0 deSending: 0
   000F 21 00 00            370 	ld	hl,#_map
   0012 E5                  371 	push	hl
                            372 ;	genIpush
   0013 21 28 28            373 	ld	hl,#0x2828
   0016 E5                  374 	push	hl
                            375 ;	genIpush
   0017 21 00 00            376 	ld	hl,#0x0000
   001A E5                  377 	push	hl
                            378 ;	genCall
   001B CD 00 00            379 	call	_set_bkg_tiles
   001E E8 06               380 	lda	sp,6(sp)
                            381 ;	main.c 9
                            382 ;	genAssign
   0020 01 40 FF            383 	ld	bc,#0xFF40
                            384 ;	genAssign
                            385 ;	AOP_STK for _main_sloc0_1_0
   0023 F8 01               386 	lda	hl,1(sp)
   0025 36 40               387 	ld	(hl),#0x40
   0027 23                  388 	inc	hl
   0028 36 FF               389 	ld	(hl),#0xFF
                            390 ;	genPointerGet
                            391 ;	AOP_STK for _main_sloc0_1_0
                            392 ;	AOP_STK for _main_sloc1_1_0
   002A 2B                  393 	dec	hl
   002B 5E                  394 	ld	e,(hl)
   002C 23                  395 	inc	hl
   002D 56                  396 	ld	d,(hl)
   002E 1A                  397 	ld	a,(de)
   002F 2B                  398 	dec	hl
   0030 2B                  399 	dec	hl
                            400 ;	genOr
                            401 ;	AOP_STK for _main_sloc1_1_0
   0031 77                  402 	ld      (hl),a
   0032 7F                  403 	ld      a,a
   0033 F6 01               404 	or	a,#0x01
                            405 ;	genAssign (pointer)
   0035 02                  406 	ld	(bc),a
                            407 ;	main.c 10
                            408 ;	genAssign
   0036 01 40 FF            409 	ld	bc,#0xFF40
                            410 ;	genAssign
                            411 ;	AOP_STK for _main_sloc0_1_0
   0039 23                  412 	inc	hl
   003A 36 40               413 	ld	(hl),#0x40
   003C 23                  414 	inc	hl
   003D 36 FF               415 	ld	(hl),#0xFF
                            416 ;	genPointerGet
                            417 ;	AOP_STK for _main_sloc0_1_0
                            418 ;	AOP_STK for _main_sloc1_1_0
   003F 2B                  419 	dec	hl
   0040 5E                  420 	ld	e,(hl)
   0041 23                  421 	inc	hl
   0042 56                  422 	ld	d,(hl)
   0043 1A                  423 	ld	a,(de)
   0044 2B                  424 	dec	hl
   0045 2B                  425 	dec	hl
                            426 ;	genOr
                            427 ;	AOP_STK for _main_sloc1_1_0
   0046 77                  428 	ld      (hl),a
   0047 7F                  429 	ld      a,a
   0048 F6 80               430 	or	a,#0x80
                            431 ;	genAssign (pointer)
   004A 02                  432 	ld	(bc),a
                            433 ;	main.c 12
                            434 ;	genLabel
   004B                     435 00102$:
                            436 ;	main.c 13
                            437 ;	genIpush
                            438 ; _saveRegsForCall: sendSetSize: 0 deInUse: 0 bcInUse: 0 deSending: 0
   004B 21 00 00            439 	ld	hl,#0x0000
   004E E5                  440 	push	hl
                            441 ;	genCall
   004F CD 00 00            442 	call	_scroll_bkg
   0052 E8 02               443 	lda	sp,2(sp)
                            444 ;	main.c 14
                            445 ;	genIpush
                            446 ; _saveRegsForCall: sendSetSize: 0 deInUse: 0 bcInUse: 0 deSending: 0
   0054 21 64 00            447 	ld	hl,#0x0064
   0057 E5                  448 	push	hl
                            449 ;	genCall
   0058 CD 00 00            450 	call	_delay
   005B E8 02               451 	lda	sp,2(sp)
                            452 ;	genGoto
   005D C3 4B 00            453 	jp	00102$
                            454 ;	genLabel
   0060                     455 00104$:
                            456 ;	genEndFunction
   0060 E8 03               457 	lda	sp,3(sp)
   0062 C9                  458 	ret
   0063                     459 ___main_end:
                            460 	.area _CODE
ASxxxx Assembler V01.75  (GameBoy Z80-like CPU), page 1.

Symbol Table

  0 ___main_end                        0063 R
  0 ___main_start                      0000 R
    __initrleblock                     **** GX
    _delay                             **** GX
  0 _main                              0000 GR
  1 _map                               0000 GR
    _scroll_bkg                        **** GX
    _set_bkg_data                      **** GX
    _set_bkg_tiles                     **** GX
  1 _sprites                           0640 GR

ASxxxx Assembler V01.75  (GameBoy Z80-like CPU), page 2.

Area Table

   0 _CODE                              size   63   flags 0
   1 _DATA                              size  6B0   flags 0
   2 _OVERLAY                           size    0   flags 0
   3 _ISEG                              size    0   flags 0
   4 _BSEG                              size    0   flags 0
   5 _XSEG                              size    0   flags 0
   6 _GSINIT                            size  320   flags 0
   7 _GSFINAL                           size    0   flags 0
   8 _HOME                              size    0   flags 0
